[2026-05-11 03:50:28] local.ERROR: SQLSTATE[HY000] [2002] No connection could be made because the target machine actively refused it (Connection: mysql, Host: localhost, Port: 3306, Database: neoz6813_TB-K1-Database, SQL: select exists (select 1 from information_schema.tables where table_schema = schema() and table_name = 'categories' and table_type in ('BASE TABLE', 'SYSTEM VERSIONED')) as `exists`) {"exception":"[object] (Illuminate\\Database\\QueryException(code: 2002): SQLSTATE[HY000] [2002] No connection could be made because the target machine actively refused it (Connection: mysql, Host: localhost, Port: 3306, Database: neoz6813_TB-K1-Database, SQL: select exists (select 1 from information_schema.tables where table_schema = schema() and table_name = 'categories' and table_type in ('BASE TABLE', 'SYSTEM VERSIONED')) as `exists`) at D:/TB SBD/TB-K1-Database/lapak_gaming/vendor/laravel/framework/src/Illuminate/Database/Connection.php:838)
[stacktrace]
#0 D:/TB SBD/TB-K1-Database/lapak_gaming/vendor/laravel/framework/src/Illuminate/Database/Connection.php(999): Illuminate/Database/Connection->runQueryCallback()
#1 D:/TB SBD/TB-K1-Database/lapak_gaming/vendor/laravel/framework/src/Illuminate/Database/Connection.php(978): Illuminate/Database/Connection->tryAgainIfCausedByLostConnection()
#2 D:/TB SBD/TB-K1-Database/lapak_gaming/vendor/laravel/framework/src/Illuminate/Database/Connection.php(796): Illuminate/Database/Connection->handleQueryException()
#3 D:/TB SBD/TB-K1-Database/lapak_gaming/vendor/laravel/framework/src/Illuminate/Database/Connection.php(411): Illuminate/Database/Connection->run()
#4 D:/TB SBD/TB-K1-Database/lapak_gaming/vendor/laravel/framework/src/Illuminate/Database/Connection.php(357): Illuminate/Database/Connection->select()
#5 D:/TB SBD/TB-K1-Database/lapak_gaming/vendor/laravel/framework/src/Illuminate/Database/Connection.php(374): Illuminate/Database/Connection->selectOne()
#6 D:/TB SBD/TB-K1-Database/lapak_gaming/vendor/laravel/framework/src/Illuminate/Database/Schema/Builder.php(176): Illuminate/Database/Connection->scalar()
#7 D:/TB SBD/TB-K1-Database/lapak_gaming/vendor/laravel/framework/src/Illuminate/Support/Facades/Facade.php(363): Illuminate/Database/Schema/Builder->hasTable()
#8 D:/TB SBD/TB-K1-Database/lapak_gaming/app/Providers/AppServiceProvider.php(32): Illuminate/Support/Facades/Facade::__callStatic()
#9 D:/TB SBD/TB-K1-Database/lapak_gaming/vendor/laravel/framework/src/Illuminate/Container/BoundMethod.php(36): App/Providers/AppServiceProvider->boot()
#10 D:/TB SBD/TB-K1-Database/lapak_gaming/vendor/laravel/framework/src/Illuminate/Container/Util.php(43): Illuminate/Container/BoundMethod::Illuminate/Container/{closure}()
#11 D:/TB SBD/TB-K1-Database/lapak_gaming/vendor/laravel/framework/src/Illuminate/Container/BoundMethod.php(96): Illuminate/Container/Util::unwrapIfClosure()
#12 D:/TB SBD/TB-K1-Database/lapak_gaming/vendor/laravel/framework/src/Illuminate/Container/BoundMethod.php(35): Illuminate/Container/BoundMethod::callBoundMethod()
#13 D:/TB SBD/TB-K1-Database/lapak_gaming/vendor/laravel/framework/src/Illuminate/Container/Container.php(799): Illuminate/Container/BoundMethod::call()
#14 D:/TB SBD/TB-K1-Database/lapak_gaming/vendor/laravel/framework/src/Illuminate/Foundation/Application.php(1151): Illuminate/Container/Container->call()
#15 D:/TB SBD/TB-K1-Database/lapak_gaming/vendor/laravel/framework/src/Illuminate/Foundation/Application.php(1132): Illuminate/Foundation/Application->bootProvider()
#16 [internal function]: Illuminate/Foundation/Application->Illuminate/Foundation/{closure}()
#17 D:/TB SBD/TB-K1-Database/lapak_gaming/vendor/laravel/framework/src/Illuminate/Foundation/Application.php(1131): array_walk()
#18 D:/TB SBD/TB-K1-Database/lapak_gaming/vendor/laravel/framework/src/Illuminate/Foundation/Bootstrap/BootProviders.php(17): Illuminate/Foundation/Application->boot()
#19 D:/TB SBD/TB-K1-Database/lapak_gaming/vendor/laravel/framework/src/Illuminate/Foundation/Application.php(342): Illuminate/Foundation/Bootstrap/BootProviders->bootstrap()
#20 D:/TB SBD/TB-K1-Database/lapak_gaming/vendor/laravel/framework/src/Illuminate/Foundation/Console/Kernel.php(494): Illuminate/Foundation/Application->bootstrapWith()
#21 D:/TB SBD/TB-K1-Database/lapak_gaming/vendor/laravel/framework/src/Illuminate/Foundation/Console/Kernel.php(196): Illuminate/Foundation/Console/Kernel->bootstrap()
#22 D:/TB SBD/TB-K1-Database/lapak_gaming/vendor/laravel/framework/src/Illuminate/Foundation/Application.php(1235): Illuminate/Foundation/Console/Kernel->handle()
#23 D:/TB SBD/TB-K1-Database/lapak_gaming/artisan(16): Illuminate/Foundation/Application->handleCommand()
#24 {main}

[previous exception] [object] (PDOException(code: 2002): SQLSTATE[HY000] [2002] No connection could be made because the target machine actively refused it at D:/TB SBD/TB-K1-Database/lapak_gaming/vendor/laravel/framework/src/Illuminate/Database/Connectors/Connector.php:66)
[stacktrace]
#0 D:/TB SBD/TB-K1-Database/lapak_gaming/vendor/laravel/framework/src/Illuminate/Database/Connectors/Connector.php(66): PDO->__construct()
#1 D:/TB SBD/TB-K1-Database/lapak_gaming/vendor/laravel/framework/src/Illuminate/Database/Connectors/Connector.php(85): Illuminate/Database/Connectors/Connector->createPdoConnection()
#2 D:/TB SBD/TB-K1-Database/lapak_gaming/vendor/laravel/framework/src/Illuminate/Database/Connectors/Connector.php(48): Illuminate/Database/Connectors/Connector->tryAgainIfCausedByLostConnection()
#3 D:/TB SBD/TB-K1-Database/lapak_gaming/vendor/laravel/framework/src/Illuminate/Database/Connectors/MySqlConnector.php(24): Illuminate/Database/Connectors/Connector->createConnection()
#4 D:/TB SBD/TB-K1-Database/lapak_gaming/vendor/laravel/framework/src/Illuminate/Database/Connectors/ConnectionFactory.php(186): Illuminate/Database/Connectors/MySqlConnector->connect()
#5 [internal function]: Illuminate/Database/Connectors/ConnectionFactory->Illuminate/Database/Connectors/{closure}()
#6 D:/TB SBD/TB-K1-Database/lapak_gaming/vendor/laravel/framework/src/Illuminate/Database/Connection.php(1257): call_user_func()
#7 D:/TB SBD/TB-K1-Database/lapak_gaming/vendor/laravel/framework/src/Illuminate/Database/Connection.php(1295): Illuminate/Database/Connection->getPdo()
#8 D:/TB SBD/TB-K1-Database/lapak_gaming/vendor/laravel/framework/src/Illuminate/Database/Connection.php(525): Illuminate/Database/Connection->getReadPdo()
#9 D:/TB SBD/TB-K1-Database/lapak_gaming/vendor/laravel/framework/src/Illuminate/Database/Connection.php(420): Illuminate/Database/Connection->getPdoForSelect()
#10 D:/TB SBD/TB-K1-Database/lapak_gaming/vendor/laravel/framework/src/Illuminate/Database/Connection.php(827): Illuminate/Database/Connection->Illuminate/Database/{closure}()
#11 D:/TB SBD/TB-K1-Database/lapak_gaming/vendor/laravel/framework/src/Illuminate/Database/Connection.php(999): Illuminate/Database/Connection->runQueryCallback()
#12 D:/TB SBD/TB-K1-Database/lapak_gaming/vendor/laravel/framework/src/Illuminate/Database/Connection.php(978): Illuminate/Database/Connection->tryAgainIfCausedByLostConnection()
#13 D:/TB SBD/TB-K1-Database/lapak_gaming/vendor/laravel/framework/src/Illuminate/Database/Connection.php(796): Illuminate/Database/Connection->handleQueryException()
#14 D:/TB SBD/TB-K1-Database/lapak_gaming/vendor/laravel/framework/src/Illuminate/Database/Connection.php(411): Illuminate/Database/Connection->run()
#15 D:/TB SBD/TB-K1-Database/lapak_gaming/vendor/laravel/framework/src/Illuminate/Database/Connection.php(357): Illuminate/Database/Connection->select()
#16 D:/TB SBD/TB-K1-Database/lapak_gaming/vendor/laravel/framework/src/Illuminate/Database/Connection.php(374): Illuminate/Database/Connection->selectOne()
#17 D:/TB SBD/TB-K1-Database/lapak_gaming/vendor/laravel/framework/src/Illuminate/Database/Schema/Builder.php(176): Illuminate/Database/Connection->scalar()
#18 D:/TB SBD/TB-K1-Database/lapak_gaming/vendor/laravel/framework/src/Illuminate/Support/Facades/Facade.php(363): Illuminate/Database/Schema/Builder->hasTable()
#19 D:/TB SBD/TB-K1-Database/lapak_gaming/app/Providers/AppServiceProvider.php(32): Illuminate/Support/Facades/Facade::__callStatic()
#20 D:/TB SBD/TB-K1-Database/lapak_gaming/vendor/laravel/framework/src/Illuminate/Container/BoundMethod.php(36): App/Providers/AppServiceProvider->boot()
#21 D:/TB SBD/TB-K1-Database/lapak_gaming/vendor/laravel/framework/src/Illuminate/Container/Util.php(43): Illuminate/Container/BoundMethod::Illuminate/Container/{closure}()
#22 D:/TB SBD/TB-K1-Database/lapak_gaming/vendor/laravel/framework/src/Illuminate/Container/BoundMethod.php(96): Illuminate/Container/Util::unwrapIfClosure()
#23 D:/TB SBD/TB-K1-Database/lapak_gaming/vendor/laravel/framework/src/Illuminate/Container/BoundMethod.php(35): Illuminate/Container/BoundMethod::callBoundMethod()
#24 D:/TB SBD/TB-K1-Database/lapak_gaming/vendor/laravel/framework/src/Illuminate/Container/Container.php(799): Illuminate/Container/BoundMethod::call()
#25 D:/TB SBD/TB-K1-Database/lapak_gaming/vendor/laravel/framework/src/Illuminate/Foundation/Application.php(1151): Illuminate/Container/Container->call()
#26 D:/TB SBD/TB-K1-Database/lapak_gaming/vendor/laravel/framework/src/Illuminate/Foundation/Application.php(1132): Illuminate/Foundation/Application->bootProvider()
#27 [internal function]: Illuminate/Foundation/Application->Illuminate/Foundation/{closure}()
#28 D:/TB SBD/TB-K1-Database/lapak_gaming/vendor/laravel/framework/src/Illuminate/Foundation/Application.php(1131): array_walk()
#29 D:/TB SBD/TB-K1-Database/lapak_gaming/vendor/laravel/framework/src/Illuminate/Foundation/Bootstrap/BootProviders.php(17): Illuminate/Foundation/Application->boot()
#30 D:/TB SBD/TB-K1-Database/lapak_gaming/vendor/laravel/framework/src/Illuminate/Foundation/Application.php(342): Illuminate/Foundation/Bootstrap/BootProviders->bootstrap()
#31 D:/TB SBD/TB-K1-Database/lapak_gaming/vendor/laravel/framework/src/Illuminate/Foundation/Console/Kernel.php(494): Illuminate/Foundation/Application->bootstrapWith()
#32 D:/TB SBD/TB-K1-Database/lapak_gaming/vendor/laravel/framework/src/Illuminate/Foundation/Console/Kernel.php(196): Illuminate/Foundation/Console/Kernel->bootstrap()
#33 D:/TB SBD/TB-K1-Database/lapak_gaming/vendor/laravel/framework/src/Illuminate/Foundation/Application.php(1235): Illuminate/Foundation/Console/Kernel->handle()
#34 D:/TB SBD/TB-K1-Database/lapak_gaming/artisan(16): Illuminate/Foundation/Application->handleCommand()
#35 {main}
"} 
[2026-05-16 03:21:12] local.ERROR: SQLSTATE[HY000] [1045] Access denied for user 'neoz6813'@'localhost' (using password: YES) (Connection: mysql, Host: localhost, Port: 3306, Database: neoz6813_TB-K1-Database, SQL: select exists (select 1 from information_schema.tables where table_schema = schema() and table_name = 'categories' and table_type in ('BASE TABLE', 'SYSTEM VERSIONED')) as `exists`) {"exception":"[object] (Illuminate\\Database\\QueryException(code: 1045): SQLSTATE[HY000] [1045] Access denied for user 'neoz6813'@'localhost' (using password: YES) (Connection: mysql, Host: localhost, Port: 3306, Database: neoz6813_TB-K1-Database, SQL: select exists (select 1 from information_schema.tables where table_schema = schema() and table_name = 'categories' and table_type in ('BASE TABLE', 'SYSTEM VERSIONED')) as `exists`) at D:/TB SBD/TB-K1-Database/lapak_gaming/vendor/laravel/framework/src/Illuminate/Database/Connection.php:838)
[stacktrace]
#0 D:/TB SBD/TB-K1-Database/lapak_gaming/vendor/laravel/framework/src/Illuminate/Database/Connection.php(999): Illuminate/Database/Connection->runQueryCallback()
#1 D:/TB SBD/TB-K1-Database/lapak_gaming/vendor/laravel/framework/src/Illuminate/Database/Connection.php(978): Illuminate/Database/Connection->tryAgainIfCausedByLostConnection()
#2 D:/TB SBD/TB-K1-Database/lapak_gaming/vendor/laravel/framework/src/Illuminate/Database/Connection.php(796): Illuminate/Database/Connection->handleQueryException()
#3 D:/TB SBD/TB-K1-Database/lapak_gaming/vendor/laravel/framework/src/Illuminate/Database/Connection.php(411): Illuminate/Database/Connection->run()
#4 D:/TB SBD/TB-K1-Database/lapak_gaming/vendor/laravel/framework/src/Illuminate/Database/Connection.php(357): Illuminate/Database/Connection->select()
#5 D:/TB SBD/TB-K1-Database/lapak_gaming/vendor/laravel/framework/src/Illuminate/Database/Connection.php(374): Illuminate/Database/Connection->selectOne()
#6 D:/TB SBD/TB-K1-Database/lapak_gaming/vendor/laravel/framework/src/Illuminate/Database/Schema/Builder.php(176): Illuminate/Database/Connection->scalar()
#7 D:/TB SBD/TB-K1-Database/lapak_gaming/vendor/laravel/framework/src/Illuminate/Support/Facades/Facade.php(363): Illuminate/Database/Schema/Builder->hasTable()
#8 D:/TB SBD/TB-K1-Database/lapak_gaming/app/Providers/AppServiceProvider.php(56): Illuminate/Support/Facades/Facade::__callStatic()
#9 D:/TB SBD/TB-K1-Database/lapak_gaming/vendor/laravel/framework/src/Illuminate/Container/BoundMethod.php(36): App/Providers/AppServiceProvider->boot()
#10 D:/TB SBD/TB-K1-Database/lapak_gaming/vendor/laravel/framework/src/Illuminate/Container/Util.php(43): Illuminate/Container/BoundMethod::Illuminate/Container/{closure}()
#11 D:/TB SBD/TB-K1-Database/lapak_gaming/vendor/laravel/framework/src/Illuminate/Container/BoundMethod.php(96): Illuminate/Container/Util::unwrapIfClosure()
#12 D:/TB SBD/TB-K1-Database/lapak_gaming/vendor/laravel/framework/src/Illuminate/Container/BoundMethod.php(35): Illuminate/Container/BoundMethod::callBoundMethod()
#13 D:/TB SBD/TB-K1-Database/lapak_gaming/vendor/laravel/framework/src/Illuminate/Container/Container.php(799): Illuminate/Container/BoundMethod::call()
#14 D:/TB SBD/TB-K1-Database/lapak_gaming/vendor/laravel/framework/src/Illuminate/Foundation/Application.php(1151): Illuminate/Container/Container->call()
#15 D:/TB SBD/TB-K1-Database/lapak_gaming/vendor/laravel/framework/src/Illuminate/Foundation/Application.php(1132): Illuminate/Foundation/Application->bootProvider()
#16 [internal function]: Illuminate/Foundation/Application->Illuminate/Foundation/{closure}()
#17 D:/TB SBD/TB-K1-Database/lapak_gaming/vendor/laravel/framework/src/Illuminate/Foundation/Application.php(1131): array_walk()
#18 D:/TB SBD/TB-K1-Database/lapak_gaming/vendor/laravel/framework/src/Illuminate/Foundation/Bootstrap/BootProviders.php(17): Illuminate/Foundation/Application->boot()
#19 D:/TB SBD/TB-K1-Database/lapak_gaming/vendor/laravel/framework/src/Illuminate/Foundation/Application.php(342): Illuminate/Foundation/Bootstrap/BootProviders->bootstrap()
#20 D:/TB SBD/TB-K1-Database/lapak_gaming/vendor/laravel/framework/src/Illuminate/Foundation/Console/Kernel.php(494): Illuminate/Foundation/Application->bootstrapWith()
#21 D:/TB SBD/TB-K1-Database/lapak_gaming/vendor/laravel/framework/src/Illuminate/Foundation/Console/Kernel.php(196): Illuminate/Foundation/Console/Kernel->bootstrap()
#22 D:/TB SBD/TB-K1-Database/lapak_gaming/vendor/laravel/framework/src/Illuminate/Foundation/Application.php(1235): Illuminate/Foundation/Console/Kernel->handle()
#23 D:/TB SBD/TB-K1-Database/lapak_gaming/artisan(16): Illuminate/Foundation/Application->handleCommand()
#24 {main}

[previous exception] [object] (PDOException(code: 1045): SQLSTATE[HY000] [1045] Access denied for user 'neoz6813'@'localhost' (using password: YES) at D:/TB SBD/TB-K1-Database/lapak_gaming/vendor/laravel/framework/src/Illuminate/Database/Connectors/Connector.php:66)
[stacktrace]
#0 D:/TB SBD/TB-K1-Database/lapak_gaming/vendor/laravel/framework/src/Illuminate/Database/Connectors/Connector.php(66): PDO->__construct()
#1 D:/TB SBD/TB-K1-Database/lapak_gaming/vendor/laravel/framework/src/Illuminate/Database/Connectors/Connector.php(85): Illuminate/Database/Connectors/Connector->createPdoConnection()
#2 D:/TB SBD/TB-K1-Database/lapak_gaming/vendor/laravel/framework/src/Illuminate/Database/Connectors/Connector.php(48): Illuminate/Database/Connectors/Connector->tryAgainIfCausedByLostConnection()
#3 D:/TB SBD/TB-K1-Database/lapak_gaming/vendor/laravel/framework/src/Illuminate/Database/Connectors/MySqlConnector.php(24): Illuminate/Database/Connectors/Connector->createConnection()
#4 D:/TB SBD/TB-K1-Database/lapak_gaming/vendor/laravel/framework/src/Illuminate/Database/Connectors/ConnectionFactory.php(186): Illuminate/Database/Connectors/MySqlConnector->connect()
#5 [internal function]: Illuminate/Database/Connectors/ConnectionFactory->Illuminate/Database/Connectors/{closure}()
#6 D:/TB SBD/TB-K1-Database/lapak_gaming/vendor/laravel/framework/src/Illuminate/Database/Connection.php(1257): call_user_func()
#7 D:/TB SBD/TB-K1-Database/lapak_gaming/vendor/laravel/framework/src/Illuminate/Database/Connection.php(1295): Illuminate/Database/Connection->getPdo()
#8 D:/TB SBD/TB-K1-Database/lapak_gaming/vendor/laravel/framework/src/Illuminate/Database/Connection.php(525): Illuminate/Database/Connection->getReadPdo()
#9 D:/TB SBD/TB-K1-Database/lapak_gaming/vendor/laravel/framework/src/Illuminate/Database/Connection.php(420): Illuminate/Database/Connection->getPdoForSelect()
#10 D:/TB SBD/TB-K1-Database/lapak_gaming/vendor/laravel/framework/src/Illuminate/Database/Connection.php(827): Illuminate/Database/Connection->Illuminate/Database/{closure}()
#11 D:/TB SBD/TB-K1-Database/lapak_gaming/vendor/laravel/framework/src/Illuminate/Database/Connection.php(999): Illuminate/Database/Connection->runQueryCallback()
#12 D:/TB SBD/TB-K1-Database/lapak_gaming/vendor/laravel/framework/src/Illuminate/Database/Connection.php(978): Illuminate/Database/Connection->tryAgainIfCausedByLostConnection()
#13 D:/TB SBD/TB-K1-Database/lapak_gaming/vendor/laravel/framework/src/Illuminate/Database/Connection.php(796): Illuminate/Database/Connection->handleQueryException()
#14 D:/TB SBD/TB-K1-Database/lapak_gaming/vendor/laravel/framework/src/Illuminate/Database/Connection.php(411): Illuminate/Database/Connection->run()
#15 D:/TB SBD/TB-K1-Database/lapak_gaming/vendor/laravel/framework/src/Illuminate/Database/Connection.php(357): Illuminate/Database/Connection->select()
#16 D:/TB SBD/TB-K1-Database/lapak_gaming/vendor/laravel/framework/src/Illuminate/Database/Connection.php(374): Illuminate/Database/Connection->selectOne()
#17 D:/TB SBD/TB-K1-Database/lapak_gaming/vendor/laravel/framework/src/Illuminate/Database/Schema/Builder.php(176): Illuminate/Database/Connection->scalar()
#18 D:/TB SBD/TB-K1-Database/lapak_gaming/vendor/laravel/framework/src/Illuminate/Support/Facades/Facade.php(363): Illuminate/Database/Schema/Builder->hasTable()
#19 D:/TB SBD/TB-K1-Database/lapak_gaming/app/Providers/AppServiceProvider.php(56): Illuminate/Support/Facades/Facade::__callStatic()
#20 D:/TB SBD/TB-K1-Database/lapak_gaming/vendor/laravel/framework/src/Illuminate/Container/BoundMethod.php(36): App/Providers/AppServiceProvider->boot()
#21 D:/TB SBD/TB-K1-Database/lapak_gaming/vendor/laravel/framework/src/Illuminate/Container/Util.php(43): Illuminate/Container/BoundMethod::Illuminate/Container/{closure}()
#22 D:/TB SBD/TB-K1-Database/lapak_gaming/vendor/laravel/framework/src/Illuminate/Container/BoundMethod.php(96): Illuminate/Container/Util::unwrapIfClosure()
#23 D:/TB SBD/TB-K1-Database/lapak_gaming/vendor/laravel/framework/src/Illuminate/Container/BoundMethod.php(35): Illuminate/Container/BoundMethod::callBoundMethod()
#24 D:/TB SBD/TB-K1-Database/lapak_gaming/vendor/laravel/framework/src/Illuminate/Container/Container.php(799): Illuminate/Container/BoundMethod::call()
#25 D:/TB SBD/TB-K1-Database/lapak_gaming/vendor/laravel/framework/src/Illuminate/Foundation/Application.php(1151): Illuminate/Container/Container->call()
#26 D:/TB SBD/TB-K1-Database/lapak_gaming/vendor/laravel/framework/src/Illuminate/Foundation/Application.php(1132): Illuminate/Foundation/Application->bootProvider()
#27 [internal function]: Illuminate/Foundation/Application->Illuminate/Foundation/{closure}()
#28 D:/TB SBD/TB-K1-Database/lapak_gaming/vendor/laravel/framework/src/Illuminate/Foundation/Application.php(1131): array_walk()
#29 D:/TB SBD/TB-K1-Database/lapak_gaming/vendor/laravel/framework/src/Illuminate/Foundation/Bootstrap/BootProviders.php(17): Illuminate/Foundation/Application->boot()
#30 D:/TB SBD/TB-K1-Database/lapak_gaming/vendor/laravel/framework/src/Illuminate/Foundation/Application.php(342): Illuminate/Foundation/Bootstrap/BootProviders->bootstrap()
#31 D:/TB SBD/TB-K1-Database/lapak_gaming/vendor/laravel/framework/src/Illuminate/Foundation/Console/Kernel.php(494): Illuminate/Foundation/Application->bootstrapWith()
#32 D:/TB SBD/TB-K1-Database/lapak_gaming/vendor/laravel/framework/src/Illuminate/Foundation/Console/Kernel.php(196): Illuminate/Foundation/Console/Kernel->bootstrap()
#33 D:/TB SBD/TB-K1-Database/lapak_gaming/vendor/laravel/framework/src/Illuminate/Foundation/Application.php(1235): Illuminate/Foundation/Console/Kernel->handle()
#34 D:/TB SBD/TB-K1-Database/lapak_gaming/artisan(16): Illuminate/Foundation/Application->handleCommand()
#35 {main}
"} 
[2026-05-16 03:21:18] local.ERROR: SQLSTATE[HY000] [1045] Access denied for user 'neoz6813'@'localhost' (using password: YES) (Connection: mysql, Host: localhost, Port: 3306, Database: neoz6813_TB-K1-Database, SQL: select exists (select 1 from information_schema.tables where table_schema = schema() and table_name = 'categories' and table_type in ('BASE TABLE', 'SYSTEM VERSIONED')) as `exists`) {"exception":"[object] (Illuminate\\Database\\QueryException(code: 1045): SQLSTATE[HY000] [1045] Access denied for user 'neoz6813'@'localhost' (using password: YES) (Connection: mysql, Host: localhost, Port: 3306, Database: neoz6813_TB-K1-Database, SQL: select exists (select 1 from information_schema.tables where table_schema = schema() and table_name = 'categories' and table_type in ('BASE TABLE', 'SYSTEM VERSIONED')) as `exists`) at D:/TB SBD/TB-K1-Database/lapak_gaming/vendor/laravel/framework/src/Illuminate/Database/Connection.php:838)
[stacktrace]
#0 D:/TB SBD/TB-K1-Database/lapak_gaming/vendor/laravel/framework/src/Illuminate/Database/Connection.php(999): Illuminate/Database/Connection->runQueryCallback()
#1 D:/TB SBD/TB-K1-Database/lapak_gaming/vendor/laravel/framework/src/Illuminate/Database/Connection.php(978): Illuminate/Database/Connection->tryAgainIfCausedByLostConnection()
#2 D:/TB SBD/TB-K1-Database/lapak_gaming/vendor/laravel/framework/src/Illuminate/Database/Connection.php(796): Illuminate/Database/Connection->handleQueryException()
#3 D:/TB SBD/TB-K1-Database/lapak_gaming/vendor/laravel/framework/src/Illuminate/Database/Connection.php(411): Illuminate/Database/Connection->run()
#4 D:/TB SBD/TB-K1-Database/lapak_gaming/vendor/laravel/framework/src/Illuminate/Database/Connection.php(357): Illuminate/Database/Connection->select()
#5 D:/TB SBD/TB-K1-Database/lapak_gaming/vendor/laravel/framework/src/Illuminate/Database/Connection.php(374): Illuminate/Database/Connection->selectOne()
#6 D:/TB SBD/TB-K1-Database/lapak_gaming/vendor/laravel/framework/src/Illuminate/Database/Schema/Builder.php(176): Illuminate/Database/Connection->scalar()
#7 D:/TB SBD/TB-K1-Database/lapak_gaming/vendor/laravel/framework/src/Illuminate/Support/Facades/Facade.php(363): Illuminate/Database/Schema/Builder->hasTable()
#8 D:/TB SBD/TB-K1-Database/lapak_gaming/app/Providers/AppServiceProvider.php(56): Illuminate/Support/Facades/Facade::__callStatic()
#9 D:/TB SBD/TB-K1-Database/lapak_gaming/vendor/laravel/framework/src/Illuminate/Container/BoundMethod.php(36): App/Providers/AppServiceProvider->boot()
#10 D:/TB SBD/TB-K1-Database/lapak_gaming/vendor/laravel/framework/src/Illuminate/Container/Util.php(43): Illuminate/Container/BoundMethod::Illuminate/Container/{closure}()
#11 D:/TB SBD/TB-K1-Database/lapak_gaming/vendor/laravel/framework/src/Illuminate/Container/BoundMethod.php(96): Illuminate/Container/Util::unwrapIfClosure()
#12 D:/TB SBD/TB-K1-Database/lapak_gaming/vendor/laravel/framework/src/Illuminate/Container/BoundMethod.php(35): Illuminate/Container/BoundMethod::callBoundMethod()
#13 D:/TB SBD/TB-K1-Database/lapak_gaming/vendor/laravel/framework/src/Illuminate/Container/Container.php(799): Illuminate/Container/BoundMethod::call()
#14 D:/TB SBD/TB-K1-Database/lapak_gaming/vendor/laravel/framework/src/Illuminate/Foundation/Application.php(1151): Illuminate/Container/Container->call()
#15 D:/TB SBD/TB-K1-Database/lapak_gaming/vendor/laravel/framework/src/Illuminate/Foundation/Application.php(1132): Illuminate/Foundation/Application->bootProvider()
#16 [internal function]: Illuminate/Foundation/Application->Illuminate/Foundation/{closure}()
#17 D:/TB SBD/TB-K1-Database/lapak_gaming/vendor/laravel/framework/src/Illuminate/Foundation/Application.php(1131): array_walk()
#18 D:/TB SBD/TB-K1-Database/lapak_gaming/vendor/laravel/framework/src/Illuminate/Foundation/Bootstrap/BootProviders.php(17): Illuminate/Foundation/Application->boot()
#19 D:/TB SBD/TB-K1-Database/lapak_gaming/vendor/laravel/framework/src/Illuminate/Foundation/Application.php(342): Illuminate/Foundation/Bootstrap/BootProviders->bootstrap()
#20 D:/TB SBD/TB-K1-Database/lapak_gaming/vendor/laravel/framework/src/Illuminate/Foundation/Console/Kernel.php(494): Illuminate/Foundation/Application->bootstrapWith()
#21 D:/TB SBD/TB-K1-Database/lapak_gaming/vendor/laravel/framework/src/Illuminate/Foundation/Console/Kernel.php(196): Illuminate/Foundation/Console/Kernel->bootstrap()
#22 D:/TB SBD/TB-K1-Database/lapak_gaming/vendor/laravel/framework/src/Illuminate/Foundation/Application.php(1235): Illuminate/Foundation/Console/Kernel->handle()
#23 D:/TB SBD/TB-K1-Database/lapak_gaming/artisan(16): Illuminate/Foundation/Application->handleCommand()
#24 {main}

[previous exception] [object] (PDOException(code: 1045): SQLSTATE[HY000] [1045] Access denied for user 'neoz6813'@'localhost' (using password: YES) at D:/TB SBD/TB-K1-Database/lapak_gaming/vendor/laravel/framework/src/Illuminate/Database/Connectors/Connector.php:66)
[stacktrace]
#0 D:/TB SBD/TB-K1-Database/lapak_gaming/vendor/laravel/framework/src/Illuminate/Database/Connectors/Connector.php(66): PDO->__construct()
#1 D:/TB SBD/TB-K1-Database/lapak_gaming/vendor/laravel/framework/src/Illuminate/Database/Connectors/Connector.php(85): Illuminate/Database/Connectors/Connector->createPdoConnection()
#2 D:/TB SBD/TB-K1-Database/lapak_gaming/vendor/laravel/framework/src/Illuminate/Database/Connectors/Connector.php(48): Illuminate/Database/Connectors/Connector->tryAgainIfCausedByLostConnection()
#3 D:/TB SBD/TB-K1-Database/lapak_gaming/vendor/laravel/framework/src/Illuminate/Database/Connectors/MySqlConnector.php(24): Illuminate/Database/Connectors/Connector->createConnection()
#4 D:/TB SBD/TB-K1-Database/lapak_gaming/vendor/laravel/framework/src/Illuminate/Database/Connectors/ConnectionFactory.php(186): Illuminate/Database/Connectors/MySqlConnector->connect()
#5 [internal function]: Illuminate/Database/Connectors/ConnectionFactory->Illuminate/Database/Connectors/{closure}()
#6 D:/TB SBD/TB-K1-Database/lapak_gaming/vendor/laravel/framework/src/Illuminate/Database/Connection.php(1257): call_user_func()
#7 D:/TB SBD/TB-K1-Database/lapak_gaming/vendor/laravel/framework/src/Illuminate/Database/Connection.php(1295): Illuminate/Database/Connection->getPdo()
#8 D:/TB SBD/TB-K1-Database/lapak_gaming/vendor/laravel/framework/src/Illuminate/Database/Connection.php(525): Illuminate/Database/Connection->getReadPdo()
#9 D:/TB SBD/TB-K1-Database/lapak_gaming/vendor/laravel/framework/src/Illuminate/Database/Connection.php(420): Illuminate/Database/Connection->getPdoForSelect()
#10 D:/TB SBD/TB-K1-Database/lapak_gaming/vendor/laravel/framework/src/Illuminate/Database/Connection.php(827): Illuminate/Database/Connection->Illuminate/Database/{closure}()
#11 D:/TB SBD/TB-K1-Database/lapak_gaming/vendor/laravel/framework/src/Illuminate/Database/Connection.php(999): Illuminate/Database/Connection->runQueryCallback()
#12 D:/TB SBD/TB-K1-Database/lapak_gaming/vendor/laravel/framework/src/Illuminate/Database/Connection.php(978): Illuminate/Database/Connection->tryAgainIfCausedByLostConnection()
#13 D:/TB SBD/TB-K1-Database/lapak_gaming/vendor/laravel/framework/src/Illuminate/Database/Connection.php(796): Illuminate/Database/Connection->handleQueryException()
#14 D:/TB SBD/TB-K1-Database/lapak_gaming/vendor/laravel/framework/src/Illuminate/Database/Connection.php(411): Illuminate/Database/Connection->run()
#15 D:/TB SBD/TB-K1-Database/lapak_gaming/vendor/laravel/framework/src/Illuminate/Database/Connection.php(357): Illuminate/Database/Connection->select()
#16 D:/TB SBD/TB-K1-Database/lapak_gaming/vendor/laravel/framework/src/Illuminate/Database/Connection.php(374): Illuminate/Database/Connection->selectOne()
#17 D:/TB SBD/TB-K1-Database/lapak_gaming/vendor/laravel/framework/src/Illuminate/Database/Schema/Builder.php(176): Illuminate/Database/Connection->scalar()
#18 D:/TB SBD/TB-K1-Database/lapak_gaming/vendor/laravel/framework/src/Illuminate/Support/Facades/Facade.php(363): Illuminate/Database/Schema/Builder->hasTable()
#19 D:/TB SBD/TB-K1-Database/lapak_gaming/app/Providers/AppServiceProvider.php(56): Illuminate/Support/Facades/Facade::__callStatic()
#20 D:/TB SBD/TB-K1-Database/lapak_gaming/vendor/laravel/framework/src/Illuminate/Container/BoundMethod.php(36): App/Providers/AppServiceProvider->boot()
#21 D:/TB SBD/TB-K1-Database/lapak_gaming/vendor/laravel/framework/src/Illuminate/Container/Util.php(43): Illuminate/Container/BoundMethod::Illuminate/Container/{closure}()
#22 D:/TB SBD/TB-K1-Database/lapak_gaming/vendor/laravel/framework/src/Illuminate/Container/BoundMethod.php(96): Illuminate/Container/Util::unwrapIfClosure()
#23 D:/TB SBD/TB-K1-Database/lapak_gaming/vendor/laravel/framework/src/Illuminate/Container/BoundMethod.php(35): Illuminate/Container/BoundMethod::callBoundMethod()
#24 D:/TB SBD/TB-K1-Database/lapak_gaming/vendor/laravel/framework/src/Illuminate/Container/Container.php(799): Illuminate/Container/BoundMethod::call()
#25 D:/TB SBD/TB-K1-Database/lapak_gaming/vendor/laravel/framework/src/Illuminate/Foundation/Application.php(1151): Illuminate/Container/Container->call()
#26 D:/TB SBD/TB-K1-Database/lapak_gaming/vendor/laravel/framework/src/Illuminate/Foundation/Application.php(1132): Illuminate/Foundation/Application->bootProvider()
#27 [internal function]: Illuminate/Foundation/Application->Illuminate/Foundation/{closure}()
#28 D:/TB SBD/TB-K1-Database/lapak_gaming/vendor/laravel/framework/src/Illuminate/Foundation/Application.php(1131): array_walk()
#29 D:/TB SBD/TB-K1-Database/lapak_gaming/vendor/laravel/framework/src/Illuminate/Foundation/Bootstrap/BootProviders.php(17): Illuminate/Foundation/Application->boot()
#30 D:/TB SBD/TB-K1-Database/lapak_gaming/vendor/laravel/framework/src/Illuminate/Foundation/Application.php(342): Illuminate/Foundation/Bootstrap/BootProviders->bootstrap()
#31 D:/TB SBD/TB-K1-Database/lapak_gaming/vendor/laravel/framework/src/Illuminate/Foundation/Console/Kernel.php(494): Illuminate/Foundation/Application->bootstrapWith()
#32 D:/TB SBD/TB-K1-Database/lapak_gaming/vendor/laravel/framework/src/Illuminate/Foundation/Console/Kernel.php(196): Illuminate/Foundation/Console/Kernel->bootstrap()
#33 D:/TB SBD/TB-K1-Database/lapak_gaming/vendor/laravel/framework/src/Illuminate/Foundation/Application.php(1235): Illuminate/Foundation/Console/Kernel->handle()
#34 D:/TB SBD/TB-K1-Database/lapak_gaming/artisan(16): Illuminate/Foundation/Application->handleCommand()
#35 {main}
"} 
